
Mohammad Pappu@DESKTOP-HTLRHQ3 MINGW64 /f/Sadab/eclipseDirectory25June2024/employeeapp (main)
$ git status
Refresh index: 100% (39/39), done.
On branch main
Your branch is up to date with 'origin/main'.

Changes not staged for commit:
  (use "git add <file>..." to update what will be committed)
  (use "git restore <file>..." to discard changes in working directory)
        modified:   src/main/java/com/cg/employee/controller/EmployeeController.java
        modified:   src/main/java/com/cg/employee/service/EmployeeServiceImpl.java
        modified:   target/classes/com/cg/employee/controller/EmployeeController.class
        modified:   target/classes/com/cg/employee/service/EmployeeServiceImpl.class

Untracked files:
  (use "git add <file>..." to include in what will be committed)
        src/main/java/com/cg/employee/exceptions/
        target/classes/com/cg/employee/exceptions/

no changes added to commit (use "git add" and/or "git commit -a")

Mohammad Pappu@DESKTOP-HTLRHQ3 MINGW64 /f/Sadab/eclipseDirectory25June2024/employeeapp (main)
$ git add .

Mohammad Pappu@DESKTOP-HTLRHQ3 MINGW64 /f/Sadab/eclipseDirectory25June2024/employeeapp (main)
$ git commit -m "Commited by Sadab on 16th Dec 2024 at 4.45"
[main ae7d9f3] Commited by Sadab on 16th Dec 2024 at 4.45
 6 files changed, 41 insertions(+), 13 deletions(-)
 create mode 100644 src/main/java/com/cg/employee/exceptions/EmployeeNotFoundException.java
 create mode 100644 target/classes/com/cg/employee/exceptions/EmployeeNotFoundException.class

Mohammad Pappu@DESKTOP-HTLRHQ3 MINGW64 /f/Sadab/eclipseDirectory25June2024/employeeapp (main)
$ git status
On branch main
Your branch is ahead of 'origin/main' by 1 commit.
  (use "git push" to publish your local commits)

nothing to commit, working tree clean

Mohammad Pappu@DESKTOP-HTLRHQ3 MINGW64 /f/Sadab/eclipseDirectory25June2024/employeeapp (main)
$ git push -u origin main
Enumerating objects: 42, done.
Counting objects: 100% (42/42), done.
Delta compression using up to 4 threads
Compressing objects: 100% (20/20), done.
Writing objects: 100% (25/25), 3.95 KiB | 1011.00 KiB/s, done.
Total 25 (delta 8), reused 0 (delta 0), pack-reused 0
remote: Resolving deltas: 100% (8/8), completed with 8 local objects.
To https://github.com/khansadab/employeeapp.git
   f7305cb..ae7d9f3  main -> main
branch 'main' set up to track 'origin/main'.

Mohammad Pappu@DESKTOP-HTLRHQ3 MINGW64 /f/Sadab/eclipseDirectory25June2024/employeeapp (main)
$ git status
On branch main
Your branch is up to date with 'origin/main'.

nothing to commit, working tree clean

Mohammad Pappu@DESKTOP-HTLRHQ3 MINGW64 /f/Sadab/eclipseDirectory25June2024/employeeapp (main)
