
Mohammad Pappu@DESKTOP-HTLRHQ3 MINGW64 /f/Sadab/eclipseDirectory25June2024/employeeapp (main)
$ git status
Refresh index: 100% (43/43), done.
On branch main
Your branch is up to date with 'origin/main'.

Changes not staged for commit:
  (use "git add <file>..." to update what will be committed)
  (use "git restore <file>..." to discard changes in working directory)
        modified:   src/main/java/com/cg/employee/entity/Employee.java
        modified:   src/main/java/com/cg/employee/service/EmployeeServiceImpl.java
        modified:   target/classes/com/cg/employee/entity/Employee.class
        modified:   target/classes/com/cg/employee/service/EmployeeServiceImpl.class

Untracked files:
  (use "git add <file>..." to include in what will be committed)
        src/main/java/com/cg/employee/controller/V2EmployeeController.java
        src/main/java/com/cg/employee/repository/V2EmployeeRepository.java
        src/main/java/com/cg/employee/service/V2EmployeeService.java
        src/main/java/com/cg/employee/service/V2EmployeeServiceImpl.java
        src/test/java/com/cg/
        target/classes/com/cg/employee/controller/V2EmployeeController.class
        target/classes/com/cg/employee/repository/V2EmployeeRepository.class
        target/classes/com/cg/employee/service/V2EmployeeService.class
        target/classes/com/cg/employee/service/V2EmployeeServiceImpl.class
        target/test-classes/com/cg/

no changes added to commit (use "git add" and/or "git commit -a")

Mohammad Pappu@DESKTOP-HTLRHQ3 MINGW64 /f/Sadab/eclipseDirectory25June2024/employeeapp (main)
$ git add .

Mohammad Pappu@DESKTOP-HTLRHQ3 MINGW64 /f/Sadab/eclipseDirectory25June2024/employeeapp (main)
$ git commit -m "Test cases commited on 28 Dec 2024 at 7.19 pm"
[main 5de31e3] Test cases commited on 28 Dec 2024 at 7.19 pm
 14 files changed, 311 insertions(+), 6 deletions(-)
 create mode 100644 src/main/java/com/cg/employee/controller/V2EmployeeController.java
 create mode 100644 src/main/java/com/cg/employee/repository/V2EmployeeRepository.java
 create mode 100644 src/main/java/com/cg/employee/service/V2EmployeeService.java
 create mode 100644 src/main/java/com/cg/employee/service/V2EmployeeServiceImpl.java
 create mode 100644 src/test/java/com/cg/employee/service/V2EmployeeServiceTest.java
 create mode 100644 target/classes/com/cg/employee/controller/V2EmployeeController.class
 rewrite target/classes/com/cg/employee/entity/Employee.class (79%)
 create mode 100644 target/classes/com/cg/employee/repository/V2EmployeeRepository.class
 create mode 100644 target/classes/com/cg/employee/service/V2EmployeeService.class
 create mode 100644 target/classes/com/cg/employee/service/V2EmployeeServiceImpl.class
 create mode 100644 target/test-classes/com/cg/employee/service/V2EmployeeServiceTest.class

Mohammad Pappu@DESKTOP-HTLRHQ3 MINGW64 /f/Sadab/eclipseDirectory25June2024/employeeapp (main)
$ git status
On branch main
Your branch is ahead of 'origin/main' by 1 commit.
  (use "git push" to publish your local commits)

nothing to commit, working tree clean

Mohammad Pappu@DESKTOP-HTLRHQ3 MINGW64 /f/Sadab/eclipseDirectory25June2024/employeeapp (main)
$ git push -u origin main
Enumerating objects: 70, done.
Counting objects: 100% (70/70), done.
Delta compression using up to 4 threads
Compressing objects: 100% (32/32), done.
Writing objects: 100% (46/46), 12.51 KiB | 1.25 MiB/s, done.
Total 46 (delta 8), reused 0 (delta 0), pack-reused 0
remote: Resolving deltas: 100% (8/8), completed with 5 local objects.
To https://github.com/khansadab/employeeapp.git
   979115d..5de31e3  main -> main
branch 'main' set up to track 'origin/main'.

Mohammad Pappu@DESKTOP-HTLRHQ3 MINGW64 /f/Sadab/eclipseDirectory25June2024/employeeapp (main)
$ git status
On branch main
Your branch is up to date with 'origin/main'.

nothing to commit, working tree clean

Mohammad Pappu@DESKTOP-HTLRHQ3 MINGW64 /f/Sadab/eclipseDirectory25June2024/employeeapp (main)
